LiquidCrystal_I2C.c:13:6:delay_us	32	static
LiquidCrystal_I2C.c:20:6:lcd_init	16	static
LiquidCrystal_I2C.c:28:6:lcd_init_priv	8	static
LiquidCrystal_I2C.c:34:6:lcd_begin	16	static
LiquidCrystal_I2C.c:90:6:lcd_clear	8	static
LiquidCrystal_I2C.c:95:6:lcd_home	8	static
LiquidCrystal_I2C.c:100:6:lcd_setCursor	40	static
LiquidCrystal_I2C.c:109:6:lcd_noDisplay	8	static
LiquidCrystal_I2C.c:113:6:lcd_display	8	static
LiquidCrystal_I2C.c:119:6:lcd_noCursor	8	static
LiquidCrystal_I2C.c:123:6:lcd_cursor	8	static
LiquidCrystal_I2C.c:129:6:lcd_noBlink	8	static
LiquidCrystal_I2C.c:133:6:lcd_blink	8	static
LiquidCrystal_I2C.c:139:6:lcd_scrollDisplayLeft	8	static
LiquidCrystal_I2C.c:142:6:lcd_scrollDisplayRight	8	static
LiquidCrystal_I2C.c:147:6:lcd_leftToRight	8	static
LiquidCrystal_I2C.c:153:6:lcd_rightToLeft	8	static
LiquidCrystal_I2C.c:159:6:lcd_autoscroll	8	static
LiquidCrystal_I2C.c:165:6:lcd_noAutoscroll	8	static
LiquidCrystal_I2C.c:172:6:lcd_createChar	24	static
LiquidCrystal_I2C.c:182:6:lcd_puts	16	static
LiquidCrystal_I2C.c:190:6:lcd_putch	16	static
LiquidCrystal_I2C.c:195:6:lcd_puts_XY	16	static
LiquidCrystal_I2C.c:201:6:lcd_noBacklight	8	static
LiquidCrystal_I2C.c:206:6:lcd_backlight	8	static
LiquidCrystal_I2C.c:212:9:lcd_write	16	static
LiquidCrystal_I2C.c:218:13:lcd_command	16	static
LiquidCrystal_I2C.c:226:6:lcd_send	24	static
LiquidCrystal_I2C.c:233:6:lcd_write4bits	16	static
LiquidCrystal_I2C.c:238:6:lcd_expanderWrite	32	static
LiquidCrystal_I2C.c:244:6:lcd_pulseEnable	16	static
LiquidCrystal_I2C.c:255:6:lcd_cursor_on	8	static
LiquidCrystal_I2C.c:259:6:lcd_cursor_off	8	static
LiquidCrystal_I2C.c:263:6:lcd_blink_on	8	static
LiquidCrystal_I2C.c:267:6:lcd_blink_off	8	static
LiquidCrystal_I2C.c:272:6:lcd_setBacklight	16	static
