main.c:136:5:__io_putchar	16	static
main.c:142:6:Log	16	static
main.c:147:6:USART_log	16	static
main.c:152:6:HAL_UART_RxCpltCallback	16	static
main.c:178:5:main	16	static
main.c:273:6:SystemClock_Config	96	static
main.c:319:13:MX_TIM1_Init	56	static
main.c:369:13:MX_TIM3_Init	48	static
main.c:418:13:MX_USART1_UART_Init	8	static
main.c:451:13:MX_GPIO_Init	40	static
main.c:487:6:startup	16	static
main.c:520:6:Process_UART_Data	88	static
main.c:568:6:Verify_Unique	56	static
main.c:611:6:GET_KEY	40	static
main.c:649:6:Matlab	56	static
main.c:738:6:KeyPad	936	static
main.c:923:6:Volume	56	static
main.c:1009:6:PID_setting	72	static
main.c:1118:6:Get_Number	24	static
main.c:1189:6:USART_Process_Data	56	static
main.c:1232:6:WiFi_Setting	16	static
main.c:1263:6:Error_Handler	4	static
