main.c:139:5:__io_putchar	16	static
main.c:145:6:Log	16	static
main.c:150:6:USART_log	16	static
main.c:155:6:HAL_UART_RxCpltCallback	16	static
main.c:181:5:main	16	static
main.c:277:6:SystemClock_Config	96	static
main.c:323:13:MX_I2C1_Init	8	static
main.c:357:13:MX_TIM1_Init	56	static
main.c:407:13:MX_TIM3_Init	48	static
main.c:456:13:MX_USART1_UART_Init	8	static
main.c:489:13:MX_GPIO_Init	40	static
main.c:521:6:startup	16	static
main.c:554:6:Process_UART_Data	88	static
main.c:602:6:Verify_Unique	56	static
main.c:645:6:GET_KEY	40	static
main.c:683:6:Matlab	56	static
main.c:772:6:KeyPad	936	static
main.c:957:6:Volume	56	static
main.c:1043:6:PID_setting	72	static
main.c:1152:6:Get_Number	24	static
main.c:1223:6:USART_Process_Data	56	static
main.c:1266:6:WiFi_Setting	16	static
main.c:1297:6:Error_Handler	4	static
